
> paradas-con-sombra-hmo@0.1.0 dev
> next dev --port 3004

▲ Next.js 16.2.6 (Turbopack)
- Local:         http://localhost:3004
- Network:       http://172.28.128.1:3004
✓ Ready in 453ms

 GET / 200 in 3.1s (next.js: 2.9s, application-code: 196ms)
 GET /mapa 200 in 1805ms (next.js: 1727ms, application-code: 78ms)
 GET /mapa 200 in 74ms (next.js: 9ms, application-code: 65ms)
 GET / 200 in 103ms (next.js: 6ms, application-code: 97ms)
 GET /mapa 200 in 76ms (next.js: 5ms, application-code: 71ms)
 GET /contribuir 200 in 325ms (next.js: 286ms, application-code: 40ms)
 GET / 200 in 41ms (next.js: 4ms, application-code: 37ms)
 GET /mapa 200 in 45ms (next.js: 4ms, application-code: 41ms)
 GET /contribuir 200 in 57ms (next.js: 5ms, application-code: 52ms)
✓ Compiled in 132ms
 GET /mapa 200 in 408ms (next.js: 170ms, application-code: 239ms)
 GET / 200 in 260ms (next.js: 148ms, application-code: 111ms)
 GET /mapa 200 in 68ms (next.js: 8ms, application-code: 61ms)
✓ Compiled in 205ms
 GET /mapa 200 in 312ms (next.js: 182ms, application-code: 130ms)
 GET / 200 in 65ms (next.js: 22ms, application-code: 43ms)
 GET / 200 in 52ms (next.js: 4ms, application-code: 48ms)
 GET / 200 in 60ms (next.js: 4ms, application-code: 56ms)
 GET / 200 in 141ms (next.js: 49ms, application-code: 92ms)
 GET / 200 in 54ms (next.js: 4ms, application-code: 50ms)
 GET / 200 in 57ms (next.js: 6ms, application-code: 51ms)
 GET / 200 in 45ms (next.js: 4ms, application-code: 41ms)
 GET / 200 in 45ms (next.js: 3ms, application-code: 41ms)
 GET / 200 in 42ms (next.js: 3ms, application-code: 39ms)
 GET / 200 in 63ms (next.js: 4ms, application-code: 60ms)
✓ Compiled in 168ms
 GET / 200 in 279ms (next.js: 128ms, application-code: 150ms)
 GET / 200 in 56ms (next.js: 4ms, application-code: 52ms)
 GET / 200 in 51ms (next.js: 3ms, application-code: 48ms)
✓ Compiled in 75ms
 GET / 200 in 224ms (next.js: 103ms, application-code: 121ms)
 GET / 200 in 47ms (next.js: 3ms, application-code: 44ms)
 GET / 200 in 80ms (next.js: 4ms, application-code: 76ms)
 GET /mapa 200 in 210ms (next.js: 110ms, application-code: 100ms)
 GET / 200 in 134ms (next.js: 42ms, application-code: 92ms)
 GET /mapa 200 in 277ms (next.js: 168ms, application-code: 108ms)
✓ Compiled in 59ms
 GET /mapa 200 in 245ms (next.js: 112ms, application-code: 133ms)
 GET /mapa 200 in 1293ms (next.js: 468ms, application-code: 825ms)
 GET /mapa 200 in 82ms (next.js: 5ms, application-code: 77ms)
 GET /mapa 200 in 68ms (next.js: 3ms, application-code: 65ms)
 GET /mapa 200 in 63ms (next.js: 3ms, application-code: 60ms)
 GET /mapa 200 in 90ms (next.js: 3ms, application-code: 87ms)
 GET / 200 in 81ms (next.js: 22ms, application-code: 60ms)
 GET / 200 in 55ms (next.js: 3ms, application-code: 52ms)
 GET / 200 in 64ms (next.js: 4ms, application-code: 60ms)
 GET / 200 in 64ms (next.js: 4ms, application-code: 60ms)
 GET / 200 in 57ms (next.js: 3ms, application-code: 54ms)
 GET / 200 in 64ms (next.js: 3ms, application-code: 61ms)
 GET / 200 in 56ms (next.js: 4ms, application-code: 53ms)
 GET / 200 in 52ms (next.js: 3ms, application-code: 48ms)
 GET / 200 in 52ms (next.js: 3ms, application-code: 49ms)
 GET / 200 in 58ms (next.js: 3ms, application-code: 55ms)
 GET / 200 in 91ms (next.js: 19ms, application-code: 73ms)
 GET / 200 in 120ms (next.js: 7ms, application-code: 114ms)
 GET / 200 in 53ms (next.js: 4ms, application-code: 49ms)
 GET / 200 in 53ms (next.js: 4ms, application-code: 50ms)
 GET / 200 in 58ms (next.js: 5ms, application-code: 53ms)
 GET / 200 in 47ms (next.js: 3ms, application-code: 44ms)
 GET / 200 in 46ms (next.js: 4ms, application-code: 41ms)
 GET / 200 in 52ms (next.js: 3ms, application-code: 49ms)
 GET / 200 in 166ms (next.js: 48ms, application-code: 119ms)
 GET / 200 in 44ms (next.js: 3ms, application-code: 41ms)
 GET / 200 in 47ms (next.js: 3ms, application-code: 44ms)
 GET / 200 in 58ms (next.js: 4ms, application-code: 54ms)
 GET / 200 in 61ms (next.js: 4ms, application-code: 57ms)
 GET / 200 in 48ms (next.js: 3ms, application-code: 45ms)
 GET / 200 in 60ms (next.js: 3ms, application-code: 57ms)
 GET / 200 in 86ms (next.js: 5ms, application-code: 80ms)
 GET / 200 in 1168ms (next.js: 222ms, application-code: 946ms)
 GET / 200 in 97ms (next.js: 7ms, application-code: 90ms)
 GET /mapa 200 in 667ms (next.js: 318ms, application-code: 349ms)
 GET / 200 in 97ms (next.js: 8ms, application-code: 89ms)
 GET / 200 in 74ms (next.js: 4ms, application-code: 70ms)
 GET / 200 in 92ms (next.js: 7ms, application-code: 86ms)
 GET / 200 in 178ms (next.js: 36ms, application-code: 142ms)
 GET / 200 in 121ms (next.js: 9ms, application-code: 112ms)
 GET / 200 in 78ms (next.js: 5ms, application-code: 74ms)
 GET / 200 in 102ms (next.js: 10ms, application-code: 92ms)
 GET / 200 in 85ms (next.js: 7ms, application-code: 78ms)
 GET / 200 in 84ms (next.js: 4ms, application-code: 80ms)
 GET / 200 in 95ms (next.js: 5ms, application-code: 90ms)
 GET / 200 in 311ms (next.js: 110ms, application-code: 201ms)
✓ Compiled in 120ms
 GET / 500 in 2.2s (next.js: 2.2s, application-code: 27ms)
 GET / 500 in 2.2s (next.js: 2.2s, application-code: 27ms)
 GET /mapa 500 in 354ms (next.js: 316ms, application-code: 38ms)
 GET /mapa 500 in 354ms (next.js: 316ms, application-code: 39ms)
 GET /admin/paradas 500 in 993ms (next.js: 975ms, application-code: 18ms)
 GET /admin/paradas 500 in 994ms (next.js: 975ms, application-code: 19ms)
 GET /mapa 500 in 250ms (next.js: 229ms, application-code: 21ms)
 GET /mapa 500 in 250ms (next.js: 229ms, application-code: 21ms)
 GET /admin/paradas 500 in 265ms (next.js: 244ms, application-code: 21ms)
 GET /admin/paradas 500 in 265ms (next.js: 244ms, application-code: 21ms)
 GET /admin/paradas 500 in 164ms (next.js: 144ms, application-code: 21ms)
 GET /admin/paradas 500 in 165ms (next.js: 144ms, application-code: 21ms)
 GET /admin/paradas 500 in 151ms (next.js: 129ms, application-code: 22ms)
 GET /admin/paradas 500 in 151ms (next.js: 129ms, application-code: 22ms)
[?25h
